[
  {
    "name": "Jon Schlinkert",
    "email": "",
    "url": "http://github.com/jonschlinkert"
  },
  {
    "name": "Brian Woodward",
    "email": "",
    "url": "http://github.com/doowb"
  }
]