{
  "context": {
    "verbose": false,
    "toc": ""
  },
  "content": "jonschlinkert",
  "original": "---\nuser: jonschlinkert\n---\n{%= user %}"
}