{
  "data": {
    "name": "Custom Config",
    "authors": [
      {
        "name": "Jon Schlinkert",
        "email": "",
        "url": "https://github.com/jonschlinkert"
      },
      {
        "name": "Brian Woodward",
        "email": "",
        "url": "https://github.com/doowb"
      }
    ]
  },
  "content": "",
  "original": ""
}