{
  "context": {
    "name": "Brian Woodward",
    "description": "Markdown documentation generator. Build docs from markdown, Lo-Dash templates, includes, and YAML front matter.",
    "version": "0.1.0",
    "homepge": "https://github.com/jonschlinkert/phaser",
    "author": {
      "name": "Jon Schlinkert",
      "url": "https://github.com/jonschlinkert"
    },
    "licenses": [
      {
        "type": "MIT",
        "url": "https://github.com/jonschlinkert/phaser/blob/master/LICENSE-MIT"
      }
    ],
    "repository": {
      "type": "git",
      "url": "https://github.com/jonschlinkert/phaser.git"
    },
    "bugs": {
      "url": "https://github.com/jonschlinkert/phaser/issues"
    },
    "main": "index.js",
    "dependencies": {
      "chalk": "~0.4.0",
      "findup-sync": "~0.1.2",
      "frep": "~0.1.3",
      "fs-utils": "~0.2.0",
      "globule": "~0.2.0",
      "gray-matter": "~0.2.3",
      "lodash": "~2.4.1",
      "marked": "~0.3.1",
      "marked-toc": "~0.1.5",
      "minimatch": "~0.2.14",
      "readme-boilerplates": "~0.1.2",
      "readme-contrib": "~0.1.2",
      "readme-templates": "~0.1.2",
      "template": "~0.1.3"
    },
    "devDependencies": {
      "chai": "~1.9.0",
      "mocha": "~1.17.1"
    },
    "bar": "bar",
    "baz": "baz",
    "foo": "foo",
    "verbose": false,
    "data": "test/fixtures/data/*.json",
    "toc": ""
  },
  "content": "Brian Woodward",
  "original": "{%= name %}"
}